// Jest Snapshot v1, https://goo.gl/fbAQLP

exports[`Visitor should throw an error if a variable is assigned a value before it is declared 1`] = `"symbolTableBuilder is not a function"`;

exports[`Visitor should throw an error if a variable is used before it is declared 1`] = `"symbolTableBuilder is not a function"`;
