// Jest Snapshot v1, https://goo.gl/fbAQLP

exports[`messageEnforcement should throw an error 1`] = `"InternalError: message must be a string or a function"`;

exports[`messageEnforcement should throw an error 2`] = `"InternalError: message must be a string or a function"`;

exports[`messageEnforcement should throw an error 3`] = `"InternalError: message must be a string or a function"`;
