// Jest Snapshot v1, https://goo.gl/fbAQLP

exports[`functionEnforcementFactory should throw an error if an input is not a function 1`] = `"InternalError: some text"`;

exports[`functionEnforcementFactory should throw an error if an input is not a function 2`] = `"InternalError: some text"`;

exports[`functionEnforcementFactory should throw an error if an input is not a function 3`] = `"InternalError: some text"`;
